---
source: src/snapshot_tests.rs
assertion_line: 234
expression: scene.render_svg()
---
<svg xmlns="http://www.w3.org/2000/svg" width="64" height="64"><rect width="100%" height="100%" fill="#fff"/><g><rect x="10" y="10" width="44" height="44" fill="#f0f0f0"/><circle cx="32" cy="32" r="16" fill="#3b82f6"/></g></svg>
